<html>
<body>
<pre>
<h1>µVision Build Log</h1>
<h2>Tool Versions:</h2>
IDE-Version: ¦ÌVision V5.27.1.0
Copyright (C) 2019 ARM Ltd and ARM Germany GmbH. All rights reserved.
License Information: 1 Administrator, 1, LIC=65ITG-VUZKR-UH58H-W9039-LM23G-Y2974
 
Tool Versions:
Toolchain:       MDK-ARM Plus  Version: 5.27.1.0
Toolchain Path:  D:\Keil_v5\ARM\ARMCC\Bin
C Compiler:      Armcc.exe V5.06 update 6 (build 750)
Assembler:       Armasm.exe V5.06 update 6 (build 750)
Linker/Locator:  ArmLink.exe V5.06 update 6 (build 750)
Library Manager: ArmAr.exe V5.06 update 6 (build 750)
Hex Converter:   FromElf.exe V5.06 update 6 (build 750)
CPU DLL:         SARMCM3.DLL V5.27.1.0
Dialog DLL:      DCM.DLL V1.17.2.0
Target DLL:      STLink\ST-LINKIII-KEIL_SWO.dll V3.0.6.0
Dialog DLL:      TCM.DLL V1.36.1.0
 
<h2>Project:</h2>
D:\1software_testdir\cubeMX_Dir\103VE\Ali-iot\MDK-ARM\Ali-iot.uvprojx
Project File Date:  08/24/2019

<h2>Output:</h2>
*** Using Compiler 'V5.06 update 6 (build 750)', folder: 'D:\Keil_v5\ARM\ARMCC\Bin'
Rebuild target 'Ali-iot'
assembling startup_stm32f103xe.s...
compiling adc.c...
compiling main.c...
compiling i2c.c...
compiling rtc.c...
compiling gpio.c...
compiling tim.c...
compiling usart.c...
compiling stm32f1xx_it.c...
compiling stm32f1xx_hal_rtc_ex.c...
compiling stm32f1xx_hal_adc.c...
compiling stm32f1xx_hal_adc_ex.c...
compiling bsp_esp8266.c...
..\Src\bsp_esp8266.c(366): warning:  #111-D: statement is unreachable
  		if (UART_ReadC(&huart3, &ucData))
..\Src\bsp_esp8266.c: 1 warning, 0 errors
compiling stm32f1xx_hal_gpio_ex.c...
compiling stm32f1xx_hal_msp.c...
compiling stm32f1xx_hal_rtc.c...
compiling stm32f1xx_hal_i2c.c...
compiling stm32f1xx_hal_rcc_ex.c...
compiling stm32f1xx_hal.c...
compiling stm32f1xx_hal_uart.c...
compiling stm32f1xx_hal_rcc.c...
compiling stm32f1xx_hal_gpio.c...
compiling stm32f1xx_hal_tim_ex.c...
compiling stm32f1xx_hal_dma.c...
compiling stm32f1xx_hal_tim.c...
compiling system_stm32f1xx.c...
compiling stm32f1xx_hal_exti.c...
compiling stm32f1xx_hal_flash.c...
compiling stm32f1xx_hal_pwr.c...
compiling stm32f1xx_hal_cortex.c...
compiling stm32f1xx_hal_flash_ex.c...
linking...
Program Size: Code=8786 RO-data=362 RW-data=16 ZI-data=3112  
FromELF: creating hex file...
"Ali-iot\Ali-iot.axf" - 0 Error(s), 1 Warning(s).

<h2>Software Packages used:</h2>

Package Vendor: ARM
                http://www.keil.com/pack/ARM.CMSIS.5.5.1.pack
                ARM.CMSIS.5.5.1
                CMSIS (Cortex Microcontroller Software Interface Standard)
   * Component: CORE Version: 5.2.0

Package Vendor: Keil
                http://www.keil.com/pack/Keil.STM32F1xx_DFP.2.2.0.pack
                Keil.STM32F1xx_DFP.2.2.0
                STMicroelectronics STM32F1 Series Device Support, Drivers and Examples

<h2>Collection of Component include folders:</h2>
  .\RTE\_Ali-iot
  D:\Users\Administrator\AppData\Local\Arm\Packs\ARM\CMSIS\5.5.1\CMSIS\Core\Include
  D:\Users\Administrator\AppData\Local\Arm\Packs\Keil\STM32F1xx_DFP\2.2.0\Device\Include

<h2>Collection of Component Files used:</h2>

   * Component: ARM::CMSIS:CORE:5.2.0
Build Time Elapsed:  00:00:16
</pre>
</body>
</html>
